=== range-2 restart
video-jobs      kafka:19092  (1)          range                Stable               3
[range-2] t0=2026-09-23 08:20:05.632018 first_video_id=83
upload 1 http=200
upload 2 http=200
upload 3 http=200
upload 4 http=200
upload 5 http=200
upload 6 http=200
upload 7 http=200
upload 8 http=200
upload 9 http=200
upload 10 http=200
upload 11 http=200
upload 12 http=200
17:21:44 busy transcoding partitions=5
[range-2] scale-up at 2026-09-23 08:21:44.447345
 Container video-processing-pipeline-worker-3 Created 
 Container video-processing-pipeline-worker-3 Started 
[range-2] done at 2026-09-23 08:32:56.905746
=== cooperative-2 restart
video-jobs      kafka:19092  (1)          cooperative-sticky   Stable               3
[cooperative-2] t0=2026-09-23 08:33:07.109238 first_video_id=95
upload 1 http=200
upload 2 http=200
upload 3 http=200
upload 4 http=200
upload 5 http=200
upload 6 http=200
upload 7 http=200
upload 8 http=200
upload 9 http=200
upload 10 http=200
upload 11 http=200
upload 12 http=200
17:34:53 busy transcoding partitions=5
[cooperative-2] scale-up at 2026-09-23 08:34:53.983017
 Container video-processing-pipeline-worker-3 Created 
 Container video-processing-pipeline-worker-3 Started 
[cooperative-2] done at 2026-09-23 08:46:16.942094
=== range-3 restart
video-jobs      kafka:19092  (1)          range                Stable               3
[range-3] t0=2026-09-23 08:46:27.229271 first_video_id=107
upload 1 http=200
upload 2 http=200
upload 3 http=200
upload 4 http=200
upload 5 http=200
upload 6 http=200
upload 7 http=200
upload 8 http=200
upload 9 http=200
upload 10 http=200
upload 11 http=200
upload 12 http=200
17:48:05 busy transcoding partitions=5
[range-3] scale-up at 2026-09-23 08:48:05.362946
 Container video-processing-pipeline-worker-3 Created 
 Container video-processing-pipeline-worker-3 Started 
[range-3] done at 2026-09-23 09:06:36.844970
=== cooperative-3 restart
video-jobs      kafka:19092  (1)          cooperative-sticky   Stable               3
[cooperative-3] t0=2026-09-23 09:07:48.709456 first_video_id=119
upload 1 http=200
upload 2 http=200
upload 3 http=200
upload 4 http=200
upload 5 http=200
upload 6 http=200
upload 7 http=200
upload 8 http=200
upload 9 http=200
upload 10 http=200
upload 11 http=200
upload 12 http=200
18:09:41 busy transcoding partitions=5
[cooperative-3] scale-up at 2026-09-23 09:09:41.358424
 Container video-processing-pipeline-worker-3 Created 
 Container video-processing-pipeline-worker-3 Started 
[cooperative-3] done at 2026-09-23 09:21:55.833596
=== range-4 restart
video-jobs      kafka:19092  (1)          range                Stable               3
[range-4] t0=2026-09-23 09:22:06.269670 first_video_id=131
upload 1 http=200
upload 2 http=200
upload 3 http=200
upload 4 http=200
upload 5 http=200
upload 6 http=200
upload 7 http=200
upload 8 http=200
upload 9 http=200
upload 10 http=200
upload 11 http=200
upload 12 http=200
18:23:53 busy transcoding partitions=5
[range-4] scale-up at 2026-09-23 09:23:53.316579
 Container video-processing-pipeline-worker-3 Created 
 Container video-processing-pipeline-worker-3 Started 
[range-4] done at 2026-09-23 09:36:28.343062
=== cooperative-4 restart
video-jobs      kafka:19092  (1)          cooperative-sticky   Stable               3
[cooperative-4] t0=2026-09-23 09:36:38.704266 first_video_id=143
upload 1 http=200
upload 2 http=200
upload 3 http=200
upload 4 http=200
upload 5 http=200
upload 6 http=200
upload 7 http=200
upload 8 http=200
upload 9 http=200
upload 10 http=200
upload 11 http=200
upload 12 http=200
18:38:47 busy transcoding partitions=5
[cooperative-4] scale-up at 2026-09-23 09:38:47.457635
 Container video-processing-pipeline-worker-3 Created 
 Container video-processing-pipeline-worker-3 Started 
[cooperative-4] done at 2026-09-23 09:51:01.470746
ALL DONE
EXIT=0
